../Drivers/STM32WBxx_HAL_Driver/Inc/stm32wbxx_ll_pwr.h:895:22:LL_PWR_DisableWakeUpPin	16	static
../Drivers/STM32WBxx_HAL_Driver/Inc/stm32wbxx_ll_pwr.h:2001:22:LL_PWR_ClearFlag_WU	4	static
../Drivers/STM32WBxx_HAL_Driver/Inc/stm32wbxx_ll_pwr.h:2355:26:LL_PWR_IsActiveFlag_C1SB	4	static
../Drivers/STM32WBxx_HAL_Driver/Inc/stm32wbxx_ll_pwr.h:2414:22:LL_PWR_ClearFlag_C1STOP_C1STB	4	static
../Drivers/STM32WBxx_HAL_Driver/Inc/stm32wbxx_ll_system.h:2223:26:LL_FLASH_GetUDN	4	static
../Drivers/STM32WBxx_HAL_Driver/Inc/stm32wbxx_ll_system.h:2235:26:LL_FLASH_GetDeviceID	4	static
../Drivers/STM32WBxx_HAL_Driver/Inc/stm32wbxx_ll_system.h:2247:26:LL_FLASH_GetSTCompanyID	4	static
../Middlewares/ST/STM32_WPAN/ble/core/ble_legacy.h:276:12:aci_hal_stack_reset	8	static
../STM32_WPAN/App/app_ble.c:264:6:APP_BLE_Init	80	static
../STM32_WPAN/App/app_ble.c:413:28:SVCCTL_App_Notification	56	static
../STM32_WPAN/App/app_ble.c:710:22:APP_BLE_Get_Server_Connection_Status	4	static
../STM32_WPAN/App/app_ble.c:724:13:Ble_Tl_Init	16	static
../STM32_WPAN/App/app_ble.c:735:13:Ble_Hci_Gap_Gatt_Init	72	static
../STM32_WPAN/App/app_ble.c:991:13:Adv_Request	56	static
../STM32_WPAN/App/app_ble.c:1037:16:BleGetBdAddress	32	static
../STM32_WPAN/App/app_ble.c:1094:13:Adv_Cancel	16	static
../STM32_WPAN/App/app_ble.c:1183:6:hci_notify_asynch_evt	16	static
../STM32_WPAN/App/app_ble.c:1190:6:hci_cmd_resp_release	16	static
../STM32_WPAN/App/app_ble.c:1197:6:hci_cmd_resp_wait	16	static
../STM32_WPAN/App/app_ble.c:1204:13:BLE_UserEvtRx	24	static
../STM32_WPAN/App/app_ble.c:1224:13:BLE_StatusNot	24	static
../STM32_WPAN/App/app_ble.c:1263:6:SVCCTL_ResumeUserEventFlow	8	static
../STM32_WPAN/App/app_ble.c:1274:6:Go_standby	8	static
../STM32_WPAN/App/app_ble.c:1307:6:BLE_exit	16	static
