../Drivers/CMSIS/Include/core_cm4.h:1679:22:__NVIC_EnableIRQ	16	static,ignoring_inline_asm
../Drivers/CMSIS/Include/core_cm4.h:1809:22:__NVIC_SetPriority	16	static
../Drivers/STM32WBxx_HAL_Driver/Inc/stm32wbxx_ll_exti.h:322:22:LL_EXTI_EnableIT_0_31	16	static
../Drivers/STM32WBxx_HAL_Driver/Inc/stm32wbxx_ll_exti.h:1029:22:LL_EXTI_EnableRisingTrig_0_31	16	static
../Drivers/STM32WBxx_HAL_Driver/Inc/stm32wbxx_ll_bus.h:539:22:LL_AHB2_GRP1_EnableClock	24	static
../Core/Src/main.c:132:5:main	8	static
../Core/Src/main.c:234:6:SystemClock_Config	112	static
../Core/Src/main.c:291:6:PeriphCommonClock_Config	88	static
../Core/Src/main.c:316:13:MX_ADC1_Init	32	static
../Core/Src/main.c:420:13:MX_I2C1_Init	8	static
../Core/Src/main.c:468:13:MX_IPCC_Init	8	static
../Core/Src/main.c:494:13:MX_RF_Init	4	static
../Core/Src/main.c:515:13:MX_RTC_Init	72	static
../Core/Src/main.c:605:13:MX_TIM2_Init	40	static
../Core/Src/main.c:650:13:MX_GPIO_Init	32	static
../Core/Src/main.c:698:19:write_to_flash	56	static
../Core/Src/main.c:748:10:read_from_flash	16	static
../Core/Src/main.c:760:6:PrepareVoltageData	16	static
../Core/Src/main.c:768:6:Software_Reset	4	static
../Core/Src/main.c:778:6:get_voltage	32	static
../Core/Src/main.c:867:6:display	8	static
../Core/Src/main.c:892:6:stop_display	8	static
../Core/Src/main.c:898:9:update_state	8	static
../Core/Src/main.c:913:6:prepare_data	16	static
../Core/Src/main.c:938:6:HAL_I2C_AddrCallback	16	static
../Core/Src/main.c:951:6:HAL_I2C_SlaveRxCpltCallback	16	static
../Core/Src/main.c:958:6:HAL_I2C_SlaveTxCpltCallback	16	static
../Core/Src/main.c:963:6:HAL_I2C_ErrorCallback	16	static
../Core/Src/main.c:967:6:HAL_I2C_ListenCpltCallback	16	static
../Core/Src/main.c:972:6:HAL_TIM_PeriodElapsedCallback	16	static
../Core/Src/main.c:990:6:Flash_WriteString	56	static
../Core/Src/main.c:1012:6:Flash_ReadString	24	static
../Core/Src/main.c:1023:6:HAL_GPIO_EXTI_Callback	16	static
../Core/Src/main.c:1032:6:Enter_Low_Power	8	static
../Core/Src/main.c:1045:6:Enable_RTC_Wakeup_Interrupt	8	static
../Core/Src/main.c:1056:6:RTC_Wakeup_After	96	static
../Core/Src/main.c:1088:6:HAL_RTC_AlarmAEventCallback	16	static
../Core/Src/main.c:1093:19:RTC_EnableWakeUpInterrupt	8	static
../Core/Src/main.c:1134:6:Error_Handler	4	static,ignoring_inline_asm
