../Drivers/CMSIS/Include/core_cm4.h:1679:22:__NVIC_EnableIRQ	16	static,ignoring_inline_asm
../Drivers/CMSIS/Include/core_cm4.h:1809:22:__NVIC_SetPriority	16	static
../Drivers/STM32WBxx_HAL_Driver/Inc/stm32wbxx_ll_exti.h:322:22:LL_EXTI_EnableIT_0_31	16	static
../Drivers/STM32WBxx_HAL_Driver/Inc/stm32wbxx_ll_exti.h:1029:22:LL_EXTI_EnableRisingTrig_0_31	16	static
../Drivers/STM32WBxx_HAL_Driver/Inc/stm32wbxx_ll_bus.h:539:22:LL_AHB2_GRP1_EnableClock	24	static
../Core/Src/main.c:133:5:main	8	static
../Core/Src/main.c:236:6:SystemClock_Config	112	static
../Core/Src/main.c:293:6:PeriphCommonClock_Config	88	static
../Core/Src/main.c:318:13:MX_ADC1_Init	32	static
../Core/Src/main.c:422:13:MX_I2C1_Init	8	static
../Core/Src/main.c:470:13:MX_IPCC_Init	8	static
../Core/Src/main.c:496:13:MX_RF_Init	4	static
../Core/Src/main.c:517:13:MX_RTC_Init	72	static
../Core/Src/main.c:607:13:MX_TIM2_Init	40	static
../Core/Src/main.c:652:13:MX_GPIO_Init	32	static
../Core/Src/main.c:700:19:write_to_flash	56	static
../Core/Src/main.c:750:10:read_from_flash	16	static
../Core/Src/main.c:762:6:PrepareVoltageData	16	static
../Core/Src/main.c:770:6:Software_Reset	4	static
../Core/Src/main.c:780:6:get_voltage	32	static
../Core/Src/main.c:869:6:display	8	static
../Core/Src/main.c:894:6:stop_display	8	static
../Core/Src/main.c:900:9:update_state	8	static
../Core/Src/main.c:915:6:prepare_data	16	static
../Core/Src/main.c:940:6:HAL_I2C_AddrCallback	16	static
../Core/Src/main.c:953:6:HAL_I2C_SlaveRxCpltCallback	16	static
../Core/Src/main.c:960:6:HAL_I2C_SlaveTxCpltCallback	16	static
../Core/Src/main.c:965:6:HAL_I2C_ErrorCallback	16	static
../Core/Src/main.c:969:6:HAL_I2C_ListenCpltCallback	16	static
../Core/Src/main.c:974:6:HAL_TIM_PeriodElapsedCallback	16	static
../Core/Src/main.c:992:6:Flash_WriteString	56	static
../Core/Src/main.c:1014:6:Flash_ReadString	24	static
../Core/Src/main.c:1025:6:HAL_GPIO_EXTI_Callback	16	static
../Core/Src/main.c:1034:6:Enter_Low_Power	8	static
../Core/Src/main.c:1047:6:Enable_RTC_Wakeup_Interrupt	8	static
../Core/Src/main.c:1059:6:RTC_Wakeup_After	96	static
../Core/Src/main.c:1091:6:HAL_RTC_AlarmAEventCallback	16	static
../Core/Src/main.c:1096:19:RTC_EnableWakeUpInterrupt	8	static
../Core/Src/main.c:1137:6:Error_Handler	4	static,ignoring_inline_asm
